// Vitest Snapshot v1, https://vitest.dev/guide/snapshot.html

exports[`ClientGenerator > should generate a ZgClient class with collections for each schema 1`] = `
"export class ZgClient<TActor> extends ZgDatabase {
  public readonly users: UserCollection<TActor>;
  public readonly posts: PostCollection<TActor>;
  constructor(
    prollyTree: ProllyTree,
    config: ZgConfig<TActor> = { entityResolvers: {}, globalResolvers: {} },
    authContext: ZgAuthContext<TActor> | null = null,
  ) {
    super(prollyTree, config, authContext);
    this.users = new UserCollection<TActor>(this, this.authContext);
    this.posts = new PostCollection<TActor>(this, this.authContext);
  }

  public with<TActor>(actor: TActor): ZgClient<TActor> {
    return new ZgClient<TActor>(this.prollyTree, this.config, { actor });
  }
}"
`;
