namespace MyGeneratedSchema;

/// Nested schema for notifications of User_Profile_Settings
table User_Profile_Settings_Notifications {
  emailOnNewFollower: bool;
  pushOnNewComment: bool;
}

/// Nested schema for settings of User_Profile
table User_Profile_Settings {
  theme: string;
  notifications: User_Profile_Settings_Notifications;
}

/// Nested schema for profile of User
table User_Profile {
  bio: string;
  avatarUrl: string;
  settings: User_Profile_Settings;
}

/// Represents a user of the social network.
table User {
  id: string;
  username: string;
  email: string;
  createdAt: long;
  profile: User_Profile;
}

/// A post made by a user.
table Post {
  id: string;
  content: string;
  createdAt: long;
  authorId: string;
}

/// A comment on a post.
table Comment {
  id: string;
  text: string;
  createdAt: long;
  authorId: string;
  postId: string;
}

/// Nested schema for metadata of Media
table Media_Metadata {
  width: long;
  height: long;
  durationSeconds: long;
}

/// An image or video attachment.
table Media {
  id: string;
  url: string;
  type: string;
  postId: string;
  metadata: Media_Metadata;
}

/// A tag that can be applied to posts.
table Tag {
  id: string;
  name: string;
}

/// Join table for the many-to-many relationship between Posts and Tags.
table PostTag {
  postId: string;
  tagId: string;
}

/// Represents a user following another user.
table Follow {
  followerId: string;
  followingId: string;
}

/// A reaction to a post or comment.
table Reaction {
  id: string;
  type: string;
  userId: string;
  reactableId: string;
  reactableType: string;
}

root_type User_Profile_Settings_Notifications;