// Jest Snapshot v1, https://goo.gl/fbAQLP

exports[`FBS Generator > should generate a correct FBS schema string from a complex normalized schema 1`] = `
"// Generated by ZG. Do not edit.

/// Nested schema for notifications of UserProfile_Preferences
table UserProfile_Preferences_Notifications {
  email: bool;
  push: bool;
}

/// Nested schema for preferences of UserProfile
table UserProfile_Preferences {
  theme: string;
  notifications: UserProfile_Preferences_Notifications;
}

/// A user's profile with deeply nested settings.
table UserProfile {
  id: string;
  preferences: UserProfile_Preferences;
}
"
`;

exports[`FBS Generator should generate a correct FBS schema string from a complex normalized schema 1`] = `
"// Generated by ZG. Do not edit.

/// Nested schema for notifications of UserProfile_Preferences
table UserProfile_Preferences_Notifications {
  email: bool;
  push: bool;
}

/// Nested schema for preferences of UserProfile
table UserProfile_Preferences {
  theme: string;
  notifications: UserProfile_Preferences_Notifications;
}

/// A user's profile with deeply nested settings.
table UserProfile {
  id: string;
  preferences: UserProfile_Preferences;
}
"
`;
