// Vitest Snapshot v1, https://vitest.dev/guide/snapshot.html

exports[`CreateInputTypeGenerator > should generate correct create input types for given schemas 1`] = `
"// --- Create Input Types ---
export type CreateUserInput = { age: bigint };"
`;
