// Vitest Snapshot v1, https://vitest.dev/guide/snapshot.html

exports[`Scenario Test: Project Chimera - Genetic Sequencing Data > should generate a schema for storing genetic sequence batches 1`] = `
"include "timestamp.fbs";
namespace Chimera.Genetics;

/// Marks an identified gene at a specific position with a score.
struct GeneMarker {
  position: uint;
  confidence: float;
}

/// Represents a single DNA sequence and its identified markers.
table SequencingResult {
  id: string (key);
  raw_sequence: [ubyte];
  markers: [GeneMarker];
}

/// A batch containing multiple sequencing results.
table ResultBatch {
  batch_id: string;
  run_date: Google.Protobuf.Timestamp;
  results: [SequencingResult];
}

root_type ResultBatch;"
`;
